
> thienchua3ngoi@0.1.0 build
> next build

Γû▓ Next.js 16.1.6 (Turbopack)

  Creating an optimized production build ...
node.exe : Found 1 
warning while 
optimizing generated 
CSS:
At line:1 char:1
+ & "C:\Program Files\
nodejs/node.exe" "C:\U
sers\ASUS\AppData\Roam
ing\n ...
+ ~~~~~~~~~~~~~~~~~~~~
~~~~~~~~~~~~~~~~~~~~~~
~~~~~~~~~~~~~~~~~~~~~~
~~~~~
    + CategoryInfo    
          : NotSpeci  
  fied: (Found 1 wa   
 rning... generate    
d CSS::String) []    
, RemoteException
    + FullyQualifiedE 
   rrorId : NativeCo  
  mmandError
 

[2mΓöé   }[22m
[2mΓöé }[22m
[2mΓöé[22m @import u
rl('https://fonts.goog
leapis.com/css2?family
=Playfair+Display:ital
,wght@0,400..900;1,400
..900&family=Source+Se
rif+4:ital,opsz,wght@0
,8..60,200..900;1,8..6
0,200..900&family=Inte
r:wght@300;400;500;600
;700&family=Cinzel:wgh
t@400;500;600;700&disp
lay=swap');
[2mΓöå[22m        
[33m[2m^--[22m 
@import rules must 
precede all rules 
aside from @charset 
and @layer 
statements[39m
[2mΓöå[22m
[2mΓöé body {[22m
[2mΓöé   background: 
var(--color-parchment)
;[22m


> Build error occurred
Error: Turbopack 
build failed with 2 
errors:
./src/components/secti
ons/SectionDanNhap.tsx
:4:1
Module not found: 
Can't resolve './Cite'
[0m [90m 2 |[39m 
[36mimport[39m [33m
ContentSection[39m 
[36mfrom[39m [32m".
/ContentSection"[39m
[33m;[39m
 [90m 3 |[39m 
[36mimport[39m 
[33mBlockquote[39m 
[36mfrom[39m [32m".
/Blockquote"[39m[33m
;[39m
[31m[1m>[22m[39m[
90m 4 |[39m 
[36mimport[39m 
[33mCite[39m 
[36mfrom[39m [32m".
/Cite"[39m[33m;[39m
 [90m   |[39m [31m
[1m^[22m[39m[31m[1
m^[22m[39m[31m[1m^
[22m[39m[31m[1m^[
22m[39m[31m[1m^[22
m[39m[31m[1m^[22m
[39m[31m[1m^[22m[3
9m[31m[1m^[22m[39m
[31m[1m^[22m[39m[
31m[1m^[22m[39m[31
m[1m^[22m[39m[31m
[1m^[22m[39m[31m[1
m^[22m[39m[31m[1m^
[22m[39m[31m[1m^[
22m[39m[31m[1m^[22
m[39m[31m[1m^[22m
[39m[31m[1m^[22m[3
9m[31m[1m^[22m[39m
[31m[1m^[22m[39m[
31m[1m^[22m[39m[31
m[1m^[22m[39m[31m
[1m^[22m[39m[31m[1
m^[22m[39m[31m[1m^
[22m[39m[31m[1m^[
22m[39m
 [90m 5 |[39m
 [90m 6 |[39m 
[36mexport[39m 
[36mdefault[39m 
[36mfunction[39m [3
3mSectionDanNhap[39m(
) {
 [90m 7 |[39m     
[36mreturn[39m ([0m



Import trace:
  Server Component:
    ./src/components/s
ections/SectionDanNhap
.tsx
    ./src/app/page.tsx

https://nextjs.org/doc
s/messages/module-not-
found


./src/components/secti
ons/SectionDanNhap.tsx
:2:1
Module not found: 
Can't resolve 
'./ContentSection'
[0m [90m 1 |[39m 
[36mimport[39m 
[33mReact[39m 
[36mfrom[39m [32m"r
eact"[39m[33m;[39m
[31m[1m>[22m[39m[
90m 2 |[39m 
[36mimport[39m [33m
ContentSection[39m 
[36mfrom[39m [32m".
/ContentSection"[39m
[33m;[39m
 [90m   |[39m [31m
[1m^[22m[39m[31m[1
m^[22m[39m[31m[1m^
[22m[39m[31m[1m^[
22m[39m[31m[1m^[22
m[39m[31m[1m^[22m
[39m[31m[1m^[22m[3
9m[31m[1m^[22m[39m
[31m[1m^[22m[39m[
31m[1m^[22m[39m[31
m[1m^[22m[39m[31m
[1m^[22m[39m[31m[1
m^[22m[39m[31m[1m^
[22m[39m[31m[1m^[
22m[39m[31m[1m^[22
m[39m[31m[1m^[22m
[39m[31m[1m^[22m[3
9m[31m[1m^[22m[39m
[31m[1m^[22m[39m[
31m[1m^[22m[39m[31
m[1m^[22m[39m[31m
[1m^[22m[39m[31m[1
m^[22m[39m[31m[1m^
[22m[39m[31m[1m^[
22m[39m[31m[1m^[22
m[39m[31m[1m^[22m
[39m[31m[1m^[22m[3
9m[31m[1m^[22m[39m
[31m[1m^[22m[39m[
31m[1m^[22m[39m[31
m[1m^[22m[39m[31m
[1m^[22m[39m[31m[1
m^[22m[39m[31m[1m^
[22m[39m[31m[1m^[
22m[39m[31m[1m^[22
m[39m[31m[1m^[22m
[39m[31m[1m^[22m[3
9m[31m[1m^[22m[39m
[31m[1m^[22m[39m[
31m[1m^[22m[39m[31
m[1m^[22m[39m[31m
[1m^[22m[39m[31m[1
m^[22m[39m
 [90m 3 |[39m 
[36mimport[39m 
[33mBlockquote[39m 
[36mfrom[39m [32m".
/Blockquote"[39m[33m
;[39m
 [90m 4 |[39m 
[36mimport[39m 
[33mCite[39m 
[36mfrom[39m [32m".
/Cite"[39m[33m;[39m
 [90m 5 |[39m[0m



Import trace:
  Server Component:
    ./src/components/s
ections/SectionDanNhap
.tsx
    ./src/app/page.tsx

https://nextjs.org/doc
s/messages/module-not-
found


    at <unknown> (./sr
c/components/sections/
SectionDanNhap.tsx:4:1
)
    at <unknown> (http
s://nextjs.org/docs/me
ssages/module-not-foun
d)
    at <unknown> (./sr
c/components/sections/
SectionDanNhap.tsx:2:1
)
    at <unknown> (http
s://nextjs.org/docs/me
ssages/module-not-foun
d)
